NUMBER,1
TK_PLUS,
NUMBER,2
NUMBER,1
TK_MINUS,
NUMBER,2
NUMBER,1
TK_ASTERISK,
NUMBER,4
FLOAT,1.00000
TK_PLUS,
FLOAT,3.00000
FLOAT,10.00000
TK_PLUS,
FLOAT,3000.00000
HEXADECIMAL,1
TK_MINUS,
HEXADECIMAL,5
HEXADECIMAL,1
TK_PLUS,
HEXADECIMAL,5
