array[0][0]: 310
array[0][1]: 315
array[1][0]: 320
array[1][1]: 325
array[1][2]: 330
