array[0][0]: 0
array[0][1]: 65
array[1][0]: 66
array[1][1]: 67
array[1][2]: 68
