array[0][0]: 10
array[0][1]: 15
array[1][0]: 20
array[1][1]: 25
array[1][2]: 30
