array1: A
array2: B
array3: C
array4: D
array5: E
