array1: 310
array2: 315
array3: 320
array4: 325
array5: 330
