exp TK_DOUBLE_EQUAL exp
exp TK_DOUBLE_EQUAL exp
exp TK_AND exp
var TK_ONE_EQUAL exp
