FLOAT,0.45315
FLOAT,398000.00000
FLOAT,-9.40000
FLOAT,927356.00000
FLOAT,927356.00000
FLOAT,-0.92730
FLOAT,1200.00000
FLOAT,0.90000
FLOAT,9.00000
FLOAT,90.00000
FLOAT,900.00000
