num: 15
num2: 20
num: 25
num2: 30
func2(90): 190
func2(95): 195
