TK_CHAR,
TK_ID,character
TK_INT,
TK_ID,integer
TK_FLOAT,
TK_ID,floatvar
TK_VOID,
TK_ID,voidfunc
TK_IF,
TK_ID,ifx
TK_ELSE,
TK_ID,elsex
TK_WHILE,
TK_ID,whilex
TK_NEW,
TK_ID,newx
TK_RETURN,
TK_ID,returnx
TK_ID,_99
TK_ID,_
