numGlobal: 29
num: 13
num2: 17
cGlobal: Z
c: X
c2: K
