a > c || c < b
! c > a
1 == 1 || 2 == 2
1 != 1 || 2 == 2
!(1 != 1 || 2 != 2)
3 > 2 && 7 >= 7
! 3 < 2 && 7 >= 7
! (3 - 2) > 5 && 5 >= 5
3 > 2 && 5 <= 7
1 == 1 && 2 == 2
!(1 != 1 && 2 == 2)
