! a > c || c < b
c > a
c > b && c >= c
! c < b && c >= c
! (c - a) > c && c >= c
c > b && a <= c
