declarations:
  declaration:
    variables:259,0
      variable:xpto
  declaration:
    variables:260,1
      variable:hey
  declaration:
    function:main,262,0
      block:
  declaration:
    function:func,259,0
      block:
