c: 30
a+b: 30
a+b+c: 60
b-a: 10
b/a: 2
a*b: 200
a+b*c/a: 70
e: 30
d+b: 30
d+b+c: 60
b-d: 10
b/d: 2
d*b: 200
d+b*c/d: 70
