TK_MINUS exp
exp TK_ASTERISK exp
var TK_ONE_EQUAL exp
