c: 30
a+b: 30
a+b+c: 60
b-a: 10
b/a: 2
a*b: 200
a+b*c/a: 70
