declarations:
  declaration:
    function:main,259,0
      block:
