declarations:
  declaration:
    variables:259,1
      variable:main
      variable:xpto
      variable:hey
