TK_EXCLAMATION_MARK exp
exp TK_DOUBLE_EQUAL exp
exp TK_BANG_EQUAL exp
exp TK_GREATER exp
exp TK_LESS exp
exp TK_GREATER_EQUAL exp
exp TK_LESS_EQUAL exp
var TK_ONE_EQUAL exp
