TK_MINUS exp
exp TK_ASTERISK exp
exp TK_LESS exp
exp TK_ASTERISK exp
exp TK_GREATER exp
var TK_ONE_EQUAL exp
