declarations:
  declaration:
    function:main,259,0
      block:
        var_declarations:
          variables:
            variable:x,261,0
            variable:h,261,0
          variables:
            variable:y,260,0
        statements:
          statement:
            attribution:
              var:h
              exp:3,3.00000
          statement:
            attribution:
              var:x
              exp:5
                var:h
