declarations:
  declaration:
    variables:
      variable:main,259,1
      variable:xpto,259,1
      variable:hey,259,1
